
============================================================
Task: topic  |  Device: cpu  |  Seed: 42
Model: vinai/phobert-base-v2  |  max_length: 32
============================================================
Train=11424  Dev=1583  Test=3166
Class weights: {'Lecturer': 0.3497999906539917, 'Training_program': 1.2976000308990479, 'Facility': 5.746500015258789, 'Others': 5.081900119781494}
Warning: You are sending unauthenticated requests to the HF Hub. Please set a HF_TOKEN to enable higher rate limits and faster downloads.
Loading weights:   0%|          | 0/197 [00:00<?, ?it/s]Loading weights: 100%|██████████| 197/197 [00:00<00:00, 18854.03it/s]
[transformers] [1mRobertaForSequenceClassification LOAD REPORT[0m from: vinai/phobert-base-v2
Key                        | Status     | 
---------------------------+------------+-
lm_head.dense.weight       | UNEXPECTED | 
lm_head.dense.bias         | UNEXPECTED | 
lm_head.layer_norm.bias    | UNEXPECTED | 
lm_head.bias               | UNEXPECTED | 
lm_head.layer_norm.weight  | UNEXPECTED | 
classifier.out_proj.bias   | MISSING    | 
classifier.out_proj.weight | MISSING    | 
classifier.dense.bias      | MISSING    | 
classifier.dense.weight    | MISSING    | 

Notes:
- UNEXPECTED:	can be ignored when loading from different task/architecture; not ok if you expect identical arch.
- MISSING:	those params were newly initialized because missing from the checkpoint. Consider training on your downstream task.
Total steps: 358  (batches/epoch: 179)
Epoch 1: loss=0.8751  dev_acc=0.8547  dev_macroF1=0.7698  dev_wF1=0.8644  (4664s)
Writing model shards:   0%|          | 0/1 [00:00<?, ?it/s]Writing model shards: 100%|██████████| 1/1 [00:01<00:00,  1.23s/it]Writing model shards: 100%|██████████| 1/1 [00:01<00:00,  1.23s/it]
  -> New best (macro F1=0.7698), checkpoint saved
Epoch 2: loss=0.4834  dev_acc=0.8579  dev_macroF1=0.7714  dev_wF1=0.8672  (3903s)
Writing model shards:   0%|          | 0/1 [00:00<?, ?it/s]Writing model shards: 100%|██████████| 1/1 [00:01<00:00,  1.92s/it]Writing model shards: 100%|██████████| 1/1 [00:01<00:00,  1.92s/it]
  -> New best (macro F1=0.7714), checkpoint saved

Best epoch: 2 (dev macro F1 = 0.7714)

--- Evaluating TEST with best checkpoint ---
Loading weights:   0%|          | 0/201 [00:00<?, ?it/s]Loading weights:   1%|▏         | 3/201 [00:00<00:11, 17.11it/s]Loading weights:   5%|▌         | 11/201 [00:00<00:04, 42.04it/s]Loading weights:  10%|▉         | 20/201 [00:00<00:03, 54.91it/s]Loading weights:  21%|██        | 42/201 [00:00<00:01, 106.97it/s]Loading weights: 100%|██████████| 201/201 [00:00<00:00, 324.81it/s]

Test: acc=0.8506  macroF1=0.7673  wF1=0.8603
Artifacts: D:\DeTai2_NLP\models\transformer\topic, D:\DeTai2_NLP\results\transformer
